[     605ms] [ERROR] Failed to load resource: net::ERR_CONNECTION_REFUSED @ https://cdn.cookielaw.org/consent/e962d8c8-d4a3-459a-a6f4-d9c01dbac777/otSDKStub.js:0
[     605ms] [ERROR] Failed to load resource: net::ERR_CONNECTION_REFUSED @ https://scripts.webcontentassessor.com/scripts/a9a1cb5df4050499c2afc338399f0708d6c68d7e2a17750d6eca9313f63844cd:0
[     605ms] [ERROR] Failed to load resource: net::ERR_CONNECTION_REFUSED @ https://www.googletagservices.com/tag/js/gpt.js?network-code=21783347309:0
[     783ms] [ERROR] Failed to load resource: net::ERR_CONNECTION_REFUSED @ https://micro.rubiconproject.com/prebid/dynamic/18138.js:0
[     937ms] [ERROR] Access to XMLHttpRequest at 'https://site.api.espn.com/apis/site/v2/scoreboard/activeSports?v=1&editionKey=espn-en&ceID=4379198%2C15878776%2Cespn-en-frontpage-index&lang=en&region=us' from origin 'https://www.espn.com' has been blocked by CORS policy: No 'Access-Control-Allow-Origin' header is present on the requested resource. @ https://www.espn.com/fantasy/football/:0
[     938ms] [ERROR] Failed to load resource: net::ERR_FAILED @ https://site.api.espn.com/apis/site/v2/scoreboard/activeSports?v=1&editionKey=espn-en&ceID=4379198%2C15878776%2Cespn-en-frontpage-index&lang=en&region=us:0
[    4952ms] [ERROR] [OneID] [%s]:  ERROR Session not established @ https://cdn.registerdisney.go.com/v4/OneID.js:1
[    4952ms] [ERROR] [OneID] [%s]:  ERROR Session not established @ https://cdn.registerdisney.go.com/v4/OneID.js:1
[    4968ms] [ERROR] Failed to load resource: net::ERR_CONNECTION_REFUSED @ https://log.go.com/log?appid=DTCI-ONEID-UI&client_id=ESPN-ONESITE.WEB-PROD&sdk_version=web%204.4.285&lightbox_version=4.4.285&timestamp=1788843432401&action_name=event%3Aerror&info=payload-included(true)%2Cevent-payload(Session%20not%20established)&context=direct&source=fantasy&conversation_id=e4ae70e1-a753-435c-bb8b-0c5a90ef06fc&trace=0%7CJIOWBVgQQGWAtKkDyIB8BDAdgeywTwFsBLALwFMAfUCaORFdAYwAtymBrAMRwCdkAQsnA4O5LNTCRYCJMFRpe5DABMAyuQDOm4nkpqAomrXyQAfTXgkBs1bUBpNWlbsOagC4Z35IA%3D%3D%3D&swid=01452038-E23A-4AE4-CAFD-8B2182C2DF1A&anon=true:0
[    4969ms] Object
[    6231ms] [ERROR] Failed to load resource: net::ERR_CONNECTION_REFUSED @ https://static.chartbeat.com/js/chartbeat_mab.js:0
[    6231ms] [ERROR] Failed to load resource: net::ERR_CONNECTION_REFUSED @ https://static.chartbeat.com/js/chartbeat_video.js:0
[    6231ms] [ERROR] Failed to load resource: net::ERR_CONNECTION_REFUSED @ https://d.impactradius-event.com/A1323623-ff1f-47da-bf87-01a65620c9c91.js:0
[    6233ms] [ERROR] Failed to load resource: net::ERR_CONNECTION_REFUSED @ https://sb.scorecardresearch.com/cs/3000005/beacon.js:0
[    6267ms] [ERROR] Failed to load resource: net::ERR_CONNECTION_REFUSED @ https://cdn-gl.imrworldwide.com/conf/P302B69D5-F1DD-4E7A-BF8D-3E60F0EB5E5A.js#name=nlsnInstance&ns=NOLBUNDLE:0
[    6268ms] [ERROR] Failed to load resource: net::ERR_CONNECTION_REFUSED @ https://disney.demdex.net/id?d_visid_ver=5.5.0&d_fieldgroup=MC&d_rtbd=json&d_ver=2&d_verify=1&d_orgid=EE0201AC512D2BE80A490D4C%40AdobeOrg&d_nsid=0&d_coppa=true&ts=1788843433711:0
[    6269ms] [ERROR] Failed to load resource: net::ERR_CONNECTION_REFUSED @ https://cdn.parsely.com/keys/espn.com/p.js:0
[    6271ms] [ERROR] Failed to load resource: net::ERR_CONNECTION_REFUSED @ https://sw88.espn.com/id?d_visid_ver=5.5.0&d_fieldgroup=A&mcorgid=EE0201AC512D2BE80A490D4C%40AdobeOrg&mid=71733493517326297257423033584013973678&d_coppa=true&ts=1788843433718:0
[    6272ms] [ERROR] Failed to load resource: net::ERR_CONNECTION_REFUSED @ https://disney.demdex.net/id?d_visid_ver=5.5.0&d_fieldgroup=AAM&d_rtbd=json&d_ver=2&d_orgid=EE0201AC512D2BE80A490D4C%40AdobeOrg&d_nsid=0&d_mid=71733493517326297257423033584013973678&d_coppa=true&ts=1788843433720:0
[    6348ms] [WARNING] [OneID] [%s]:  WARN `DisneyID` global object is soon to be deprecated. Use `OneID` instead. @ https://cdn.registerdisney.go.com/v4/OneID.js:1
[    6352ms] [ERROR] Failed to load resource: net::ERR_CONNECTION_REFUSED @ https://vision.fn-pz.com/v3/config/espn-web:0
[    6352ms] [ERROR] Failed to load resource: net::ERR_CONNECTION_REFUSED @ https://vision.fn-pz.com/v3/event:0
[    6353ms] [ERROR] Failed to load resource: net::ERR_CONNECTION_REFUSED @ https://vision.fn-pz.com/v3/config/espn-web:0
[    6370ms] [ERROR] Failed to load resource: net::ERR_CONNECTION_REFUSED @ https://disney.demdex.net/id?d_visid_ver=5.5.0&d_fieldgroup=AAM&d_rtbd=json&d_ver=2&d_orgid=EE0201AC512D2BE80A490D4C%40AdobeOrg&d_nsid=0&d_mid=71733493517326297257423033584013973678&d_coppa=true&ts=1788843433814:0
[    6371ms] [ERROR] Failed to load resource: net::ERR_CONNECTION_REFUSED @ https://sw88.espn.com/b/ss/wdgespcom,wdgespge/1/JS-2.27.0/s39583325006936?AQB=1&ndh=1&pf=1&t=8%2F8%2F2026%204%3A57%3A13%202%200&mid=71733493517326297257423033584013973678&ce=UTF-8&ns=espn&pageName=fantasy%3Afootball%3Affl%3Afrontpage&g=https%3A%2F%2Fwww.espn.com%2Ffantasy%2Ffootball%2F&c.&accessmethod=no&adBlocker=true&affiliateName=no&analyticsBlocker=no&appName=fantasy&contentType=index&country=us&currentSectionInApp=ffl&disneyplusbundle=no&dsDeviceId=f7cb392e-40c4-4062-bf64-555b6dc9f475&dsSessionId=c1427ce0-ab41-11f1-9ef3-badee295a1c6&dssId=f7cb392e-40c4-4062-bf64-555b6dc9f475%2Cc1427ce0-ab41-11f1-9ef3-badee295a1c6&edition=en-us&entitlements=none&isMvpdWholesaleUser=no&isWholesaleUser=no&languageCode=en_us&orientation=desktop&pageInfrastructure=sCore&page_name=fantasy%3Afootball%3Affl%3Afrontpage&pageUrl=https%3A%2F%2Fwww.espn.com%2Ffantasy%2Ffootball%2F&plethoraTraceId=not%20available&privacystate=GPC%3AOptIn&registrationStatus=anonymous&sport=ffl&ssoTveAuthenticated=no&swid=01452038-E23A-4AE4-CAFD-8B2182C2DF1A&tveauthenticated=no&userAutoplaySetting=yes&userBettingAccountLinked=no&userBettingHidden=no&userHasFavorites=no&userHasNotifications=no&userIsLeagueManager=no&userPlaysFantasy=no&videoAutoplayTilePresent=no&videoAutoplayTileCount=0&videoHeaderPresent=no&videoHeaderAutoplayPresent=no&wholesaleUserProvider=no%20provider&.c&server=fantasy&s=800x600&c=24&j=1.6&v=N&k=Y&bw=780&bh=493&mcorgid=EE0201AC512D2BE80A490D4C%40AdobeOrg&AQE=1:0
[    8255ms] [WARNING] The resource https://cdn.registerdisney.go.com/v4/asset/bundler/ESPN/v4/images/v2/espn-red-logo.svg was preloaded using link preload but not used within a few seconds from the window's load event. Please make sure it has an appropriate `as` value and it is preloaded intentionally. @ https://cdn.registerdisney.go.com/v4/bundle/web/ESPN-ONESITE.WEB/en-US?cssOverride=https%3A%2F%2Fsecure.espncdn.com%2Fcombiner%2Fc%3Fcss%3Ddisneyid%2Fcorev4.css%2Cdisneyid%2Ffantasyv4.css&logLevel=INFO:0
[  186351ms] [ERROR] Failed to load resource: net::ERR_CONNECTION_REFUSED @ https://vision.fn-pz.com/v3/event:0
[  606356ms] [ERROR] Failed to load resource: net::ERR_CONNECTION_REFUSED @ https://vision.fn-pz.com/v3/config/espn-web:0
[  606357ms] [ERROR] Failed to load resource: net::ERR_CONNECTION_REFUSED @ https://vision.fn-pz.com/v3/config/espn-web:0
